******************************************************************************
              TMS320C55x Linker PC v4.4.1                      
******************************************************************************
>> Linked Mon Mar 25 12:20:52 2024

OUTPUT FILE NAME:   <Projet_BE_DSP_2.out>
ENTRY POINT SYMBOL: "_c_int00"  address: 00002f88


MEMORY CONFIGURATION

         name            origin    length      used     unused   attr    fill
                        (bytes)   (bytes)    (bytes)   (bytes)
----------------------  --------  ---------  --------  --------  ----  --------
  MMR                   00000000   000000c0  00000000  000000c0  RWIX
  DARAM0                000000c0   00001f40  00000546  000019fa  RWIX
  DARAM1                00002000   00002000  00001094  00000f6c  RWIX
  DARAM2                00004000   00002000  00000000  00002000  RWIX
  DARAM3                00006000   00002000  00000000  00002000  RWIX
  DARAM4                00008000   00002000  00000000  00002000  RWIX
  DARAM5                0000a000   00002000  00000010  00001ff0  RWIX
  DARAM6                0000c000   00002000  00000000  00002000  RWIX
  DARAM7                0000e000   00002000  00000000  00002000  RWIX
  SARAM0                00010000   00002000  00000000  00002000  RWIX
  SARAM1                00012000   00002000  00000000  00002000  RWIX
  SARAM2                00014000   00002000  00000000  00002000  RWIX
  SARAM3                00016000   00002000  00000000  00002000  RWIX
  SARAM4                00018000   00002000  00000000  00002000  RWIX
  SARAM5                0001a000   00002000  00000000  00002000  RWIX
  SARAM6                0001c000   00002000  00000000  00002000  RWIX
  SARAM7                0001e000   00002000  00000000  00002000  RWIX
  SARAM8                00020000   00002000  00000000  00002000  RWIX
  SARAM9                00022000   00002000  00000000  00002000  RWIX
  SARAM10               00024000   00002000  00000000  00002000  RWIX
  SARAM11               00026000   00002000  00000000  00002000  RWIX
  SARAM12               00028000   00002000  00000000  00002000  RWIX
  SARAM13               0002a000   00002000  00000000  00002000  RWIX
  SARAM14               0002c000   00002000  00000000  00002000  RWIX
  SARAM15               0002e000   00002000  00000000  00002000  RWIX
  SARAM16               00030000   00002000  00000000  00002000  RWIX
  SARAM17               00032000   00002000  00000000  00002000  RWIX
  SARAM18               00034000   00002000  00000000  00002000  RWIX
  SARAM19               00036000   00002000  00000000  00002000  RWIX
  SARAM20               00038000   00002000  00000000  00002000  RWIX
  SARAM21               0003a000   00002000  00000000  00002000  RWIX
  SARAM22               0003c000   00002000  00000000  00002000  RWIX
  SARAM23               0003e000   00002000  00000000  00002000  RWIX
  SARAM24               00040000   00002000  00000000  00002000  RWIX
  SARAM25               00042000   00002000  00000000  00002000  RWIX
  SARAM26               00044000   00002000  00000000  00002000  RWIX
  SARAM27               00046000   00002000  00000000  00002000  RWIX
  SARAM28               00048000   00002000  00000000  00002000  RWIX
  SARAM29               0004a000   00002000  00000000  00002000  RWIX
  SARAM30               0004c000   00002000  00000000  00002000  RWIX
  SARAM31               0004e000   00002000  00000000  00002000  RWIX
  CS0                   00050000   007b0000  00000000  007b0000  RWIX
  CS2                   00800000   00400000  00000000  00400000  RWIX
  CS3                   00c00000   00200000  00000000  00200000  RWIX
  CS4                   00e00000   00100000  00000000  00100000  RWIX
  CS5                   00f00000   000e0000  00000000  000e0000  RWIX
  ROM                   00fe0000   0001ff00  00000000  0001ff00  RWIX
  VECS                  00ffff00   00000100  00000100  00000000  RWIX


SECTION ALLOCATION MAP
(Addresses surrounded by []'s are displayed for convenience only!)

output                                                          attributes/
section   page  orgn(bytes) orgn(words) len(bytes) len(words)   input sections
--------  ----  ----------- ----------- ---------- ----------   --------------
.stack       0   [ 000000c0 ]  00000060          *   00000100   UNINITIALIZED
                 [ 000000c0 ]  00000060          *   00000100   --HOLE--

.sysstack 
*            0   [ 000002c0 ]  00000160          *   00000100   UNINITIALIZED
                 [ 000002c0 ]  00000160          *   00000100   --HOLE--

.cinit       0   [ 000004c0 ]  00000260          *   00000015   
                 [ 000004c0 ]  00000260          *   0000000a   rts55x.lib : _lock.obj (.cinit)
                 [ 000004d4 ]  0000026a          *   0000000a              : exit.obj (.cinit)
                 [ 000004e8 ]  00000274          *   00000001   --HOLE-- [fill = 0]

ma_zone_de_code_pour_ma_table_de_vecteurs 
*            0     00000500  [ 00000280 ] 00000100          *   
                   00000500  [ 00000280 ] 00000100          *   installation_vecteurs.obj (ma_zone_de_code_pour_ma_table_de_vecteurs)

.const       0   [ 00000600 ]  00000300          *   0000000e   
                 [ 00000600 ]  00000300          *   00000008   rts55x.lib : divd.obj (.const:_initial_approx$1)
                 [ 00000610 ]  00000308          *   00000004   interruptions.obj (.const)
                 [ 00000618 ]  0000030c          *   00000002   rts55x.lib : fltlid.obj (.const)

.text        0     00002000  [ 00001000 ] 00001094          *   
                   00002000  [ 00001000 ] 000003cc          *   rts55x.lib : divd.obj (.text)
                   000023cc  [ 000011e6 ] 0000025a          *              : addd.obj (.text)
                   00002626  [ 00001313 ] 00000220          *   interruptions.obj (.text:retain)
                   00002846  [ 00001423 ] 0000014c          *   rts55x.lib : mpyd.obj (.text)
                   00002992  [ 000014c9 ] 000000f3          *   interruptions.obj (.text)
                   00002a85  [ 00001542+] 000000ac          *   libVercors.lib : configuration_TIMER_0.obj (.text)
                   00002b31  [ 00001598+] 000000a1          *   rts55x.lib : divul.obj (.text)
                   00002bd2  [ 000015e9 ] 00000076          *              : frcmpyd.obj (.text)
                   00002c48  [ 00001624 ] 00000073          *              : frcmpyd_div.obj (.text)
                   00002cbb  [ 0000165d+] 0000006a          *   libVercors.lib : raccordement_broches.obj (.text)
                   00002d25  [ 00001692+] 00000067          *   rts55x.lib : fltlid.obj (.text)
                   00002d8c  [ 000016c6 ] 00000062          *   libVercors.lib : CNA.obj (.text)
                   00002dee  [ 000016f7 ] 0000004d          *   rts55x.lib : autoinit.obj (.text)
                   00002e3b  [ 0000171d+] 0000004b          *              : args_main.obj (.text)
                   00002e86  [ 00001743 ] 00000048          *              : divli.obj (.text)
                   00002ece  [ 00001767 ] 00000042          *   libVercors.lib : configuration_UART.obj (.text)
                   00002f10  [ 00001788 ] 0000003e          *   rts55x.lib : exit.obj (.text)
                   00002f4e  [ 000017a7 ] 0000003a          *   libVercors.lib : initialisation_interruptions.obj (.text)
                   00002f88  [ 000017c4 ] 00000034          *   rts55x.lib : boot.obj (.text)
                   00002fbc  [ 000017de ] 00000028          *   libVercors.lib : configuration_entrees_sorties.obj (.text)
                   00002fe4  [ 000017f2 ] 00000028          *                  : initialisation_dsp.obj (.text)
                   0000300c  [ 00001806 ] 0000001f          *                  : configuration_SAR_ADC.obj (.text)
                   0000302b  [ 00001815+] 00000018          *   programme_principal.obj (.text)
                   00003043  [ 00001821+] 00000014          *   rts55x.lib : subd.obj (.text)
                   00003057  [ 0000182b+] 00000013          *              : lmpy.obj (.text)
                   0000306a  [ 00001835 ] 00000012          *              : _lock.obj (.text)
                   0000307c  [ 0000183e ] 0000000c          *              : fltid.obj (.text)
                   00003088  [ 00001844 ] 00000007          *              : exit.obj (.text:CIO_breakpoint)
                   0000308f  [ 00001847+] 00000002          *   installation_vecteurs.obj (.text)
                   00003091  [ 00001848+] 00000002          *   rts55x.lib : vectors.obj (.text)
                   00003093  [ 00001849 ] 00000001          *   --HOLE-- [fill = 20]

.data        0   [ 00008000 ]  00004000          *   00000000   UNINITIALIZED

.bss         0   [ 0000a000 ]  00005000          *   00000008   UNINITIALIZED
                 [ 0000a000 ]  00005000          *   00000004   rts55x.lib : _lock.obj (.bss)
                 [ 0000a008 ]  00005004          *   00000004              : exit.obj (.bss)

vectors      0     00ffff00  [ 007fff80 ] 00000100          *   NOLOAD SECTION
                   00ffff00  [ 007fff80 ] 00000100          *   rts55x.lib : vectors.obj (vectors)


GLOBAL SYMBOLS: SORTED ALPHABETICALLY BY Name 

abs. value/
byte addr   word addr   name
---------   ---------   ----
00000002                $TI_capability$C5500$CallingConvention
00000002                $TI_capability$C5500$MemoryModel
00000001                $TI_capability_requires_rev3
            00005000    .bss
            00004000    .data
00002000                .text
00003089                C$$EXIT
00003057                I$$LMPY
00ffff00                _Reset
            00000160    __STACK_END
00000200                __STACK_SIZE
00000200                __SYSSTACK_SIZE
00000001                __TI_args_main
ffffffff                ___binit__
            00005000    ___bss__
ffffffff                ___c_args__
            00000260    ___cinit__
            00004000    ___data__
            00004000    ___edata__
            00005008    ___end__
00003094                ___etext__
ffffffff                ___pinit__
00002000                ___text__
000023cc                __addd
00002e3b                __args_main
            00005004    __cleanup_ptr
00002000                __divd
00002e86                __divli
00002b31                __divul
            00005006    __dtors_ptr
0000307c                __fltid
00002d25                __fltlid
00002bd2                __frcmpyd
00002c48                __frcmpyd_div
            00005000    __lock
00002846                __mpyd
00003057                __mpyli
0000307a                __nop
00003072                __register_lock
0000306a                __register_unlock
            00000060    __stack
00003043                __subd
            00000160    __sysstack
            00005002    __unlock
00003088                _abort
00002dee                _auto_init
0000299b                _autoriser_interruption_can
00002992                _autoriser_interruption_timer
00002f88                _c_int00
00002ece                _configuration_de_l_UART
00002fbc                _configuration_des_entrees_sorties_TOR
0000300c                _configuration_du_CAN
00002a85                _configuration_du_TIMER_0
000029a4                _declencher_echantillonnage_can
000029b8                _echantillon_est_disponible
000029ea                _ecouter_les_interruptions
00002f10                _exit
00002dc7                _initialisation_CNA_AD7391A
00002f4e                _initialisation_des_interruptions
00002fe4                _initialisation_dsp
000029ee                _inverse
0000272f                _isr_can
00002626                _isr_timer
00000500                _l_adresse_de_debut_de_ma_table_des_vecteurs_d_interruption
0000302b                _main
00002a33                _mesurer_courant
00002cbb                _raccordement_des_peripheriques_aux_broches_du_DSP
000029d5                _recuperer_echantillon_can
00002d8c                _sortie_sur_le_CNA_AD7391A
ffffffff                binit
            00000260    cinit
            00004000    edata
            00005008    end
00003094                etext
0000308f                no_isr
ffffffff                pinit


GLOBAL SYMBOLS: SORTED BY Symbol Address 

abs. value/
byte addr   word addr   name
---------   ---------   ----
00000001                $TI_capability_requires_rev3
00000001                __TI_args_main
00000002                $TI_capability$C5500$CallingConvention
00000002                $TI_capability$C5500$MemoryModel
            00000060    __stack
00000200                __STACK_SIZE
00000200                __SYSSTACK_SIZE
            00000160    __STACK_END
            00000160    __sysstack
            00000260    ___cinit__
            00000260    cinit
00000500                _l_adresse_de_debut_de_ma_table_des_vecteurs_d_interruption
00002000                .text
00002000                ___text__
00002000                __divd
000023cc                __addd
00002626                _isr_timer
0000272f                _isr_can
00002846                __mpyd
00002992                _autoriser_interruption_timer
0000299b                _autoriser_interruption_can
000029a4                _declencher_echantillonnage_can
000029b8                _echantillon_est_disponible
000029d5                _recuperer_echantillon_can
000029ea                _ecouter_les_interruptions
000029ee                _inverse
00002a33                _mesurer_courant
00002a85                _configuration_du_TIMER_0
00002b31                __divul
00002bd2                __frcmpyd
00002c48                __frcmpyd_div
00002cbb                _raccordement_des_peripheriques_aux_broches_du_DSP
00002d25                __fltlid
00002d8c                _sortie_sur_le_CNA_AD7391A
00002dc7                _initialisation_CNA_AD7391A
00002dee                _auto_init
00002e3b                __args_main
00002e86                __divli
00002ece                _configuration_de_l_UART
00002f10                _exit
00002f4e                _initialisation_des_interruptions
00002f88                _c_int00
00002fbc                _configuration_des_entrees_sorties_TOR
00002fe4                _initialisation_dsp
0000300c                _configuration_du_CAN
0000302b                _main
00003043                __subd
00003057                I$$LMPY
00003057                __mpyli
0000306a                __register_unlock
00003072                __register_lock
0000307a                __nop
0000307c                __fltid
00003088                _abort
00003089                C$$EXIT
0000308f                no_isr
00003094                ___etext__
00003094                etext
            00004000    .data
            00004000    ___data__
            00004000    ___edata__
            00004000    edata
            00005000    .bss
            00005000    ___bss__
            00005000    __lock
            00005002    __unlock
            00005004    __cleanup_ptr
            00005006    __dtors_ptr
            00005008    ___end__
            00005008    end
00ffff00                _Reset
ffffffff                ___binit__
ffffffff                ___c_args__
ffffffff                ___pinit__
ffffffff                binit
ffffffff                pinit

[76 symbols]
